// Jest Snapshot v1, https://goo.gl/fbAQLP

exports[`should render editExpensePage correctly 1`] = `
<div>
  <ExpenseForm
    expense={
      Object {
        "amount": 54500,
        "createdAt": 1514954400000,
        "description": "January Rent",
        "id": "poijasdfhwer",
        "note": "This was the final payment for that address",
      }
    }
    onSubmit={[Function]}
  />
  <button
    onClick={[Function]}
  >
    Remove
  </button>
</div>
`;
